Blender 4.5.0 Alpha (hash 50f8bfb0dd26 built 2025-05-09 17:33:30)
Error: The file was saved by a newer version, open it with Blender 4.5 or later
WARN (blo.readfile): C:\3D_Stuff\Bforartists\source\blender\blenloader\intern\readfile.cc:1253 is_minversion_older_than_blender: C:\Users\pinkn\AppData\Roaming\Bforartists\Bforartists\4.5\config\startup.blend: File saved by a newer version of Blender (5.1), Blender 4.5 or later is needed to open it.
Blender.exe : Traceback (most recent call last):
At line:1 char:1
+ & 'E:\Blender Launcher\bforartists\4.4.3\Blender.exe' --python test_u ...
+ ~~~~~~~~~~~~~~~~~~~~~~~~~~~~~~~~~~~~~~~~~~~~~~~~~~~~~~~~~~~~~~~~~~~~~
    + CategoryInfo          : NotSpecified: (Traceback (most recent call last)::String) [], Remot 
   eException
    + FullyQualifiedErrorId : NativeCommandError
 
  File "C:\Users\pinkn\Documents\PinkSystem1\paintsystem\test_udim_bake.py", line 171, in <module>
    test_udim_alpha_merge_single_tile()
  File "C:\Users\pinkn\Documents\PinkSystem1\paintsystem\test_udim_bake.py", line 39, in 
test_udim_alpha_merge_single_tile
    test_image.pixels.foreach_set(pixels)
TypeError: incorrect sequence item type: d
Registered MACHIN3tools 1.13.3.DeusEx with 12 tools, 9 pie menus
SIMPLEBAKE: -- There is a newer version of SimpleBake available
Paint System: Registering...
Add-on not loaded: "bl_ext.vscode_development.paintsystem", cause: module loaded with no associated file, __path__=_NamespacePath(['C:\\Users\\pinkn\\AppData\\Roaming\\Bforartists\\Bforartists\\4.5\\extensions\\vscode_development\\paintsystem']), aborting!
Paint System: Checked 0 layers in 0.0 ms
Blender version: 4.5.0
is_tiled attribute available (version check): True
is_tiled attribute available (runtime check): False

============================================================
UDIM Transparency Baking Tests
============================================================

--- Test 1: Non-UDIM Single Tile Baking ---

Γ£ù UNEXPECTED ERROR: incorrect sequence item type: d
Unregistered library: Default Library
Unregistered library: Geometry Nodes Library
Unregistered MACHIN3tools 1.13.3.DeusEx.
Paint System: Unregistered bl_ext.user_default.paint_system
